0 verbose cli /.sprite/languages/node/nvm/versions/node/v24.18.0/bin/node /.sprite/languages/node/nvm/versions/node/v24.18.0/lib/node_modules/npm/bin/npm-cli.js
1 info using npm@12.0.2
2 info using node@v24.18.0
3 silly config load:file:/.sprite/languages/node/nvm/versions/node/v24.18.0/lib/node_modules/npm/npmrc
4 silly config load:file:/home/sprite/.npmrc
5 silly config load:file:/.sprite/languages/node/nvm/versions/node/v24.18.0/etc/npmrc
6 verbose title npm exec tailwindcss --version
7 verbose argv "exec" "--" "tailwindcss" "--version"
8 verbose logfile logs-max:10 dir:/home/sprite/.npm/_logs/2026-09-21T15_28_01_569Z-
9 verbose logfile /home/sprite/.npm/_logs/2026-09-21T15_28_01_569Z-debug-0.log
10 silly logfile start cleaning logs, removing 1 files
11 silly logfile done cleaning log files
12 silly packumentCache heap:2348810240 maxSize:587202560 maxEntrySize:293601280
13 verbose shrinkwrap failed to load node_modules/.package-lock.json out of date, updated: node_modules
14 verbose stack Error: could not determine executable to run
14 verbose stack     at getBinFromManifest (/.sprite/languages/node/nvm/versions/node/v24.18.0/lib/node_modules/npm/node_modules/libnpmexec/lib/get-bin-from-manifest.js:17:23)
14 verbose stack     at exec (/.sprite/languages/node/nvm/versions/node/v24.18.0/lib/node_modules/npm/node_modules/libnpmexec/lib/index.js:223:15)
14 verbose stack     at async Npm.exec (/.sprite/languages/node/nvm/versions/node/v24.18.0/lib/node_modules/npm/lib/npm.js:194:9)
14 verbose stack     at async module.exports (/.sprite/languages/node/nvm/versions/node/v24.18.0/lib/node_modules/npm/lib/cli/entry.js:67:5)
15 verbose pkgid tailwindcss@4.3.3
16 error could not determine executable to run
17 verbose cwd /home/sprite
18 verbose os Linux 6.12.105-fly
19 verbose node v24.18.0
20 verbose npm  v12.0.2
21 verbose exit 1
22 verbose code 1
23 error A complete log of this run can be found in: /home/sprite/.npm/_logs/2026-09-21T15_28_01_569Z-debug-0.log
