0 verbose cli /.sprite/languages/node/nvm/versions/node/v24.18.0/bin/node /.sprite/languages/node/nvm/versions/node/v24.18.0/bin/npm
1 info using npm@12.0.1
2 info using node@v24.18.0
3 silly config load:file:/.sprite/languages/node/nvm/versions/node/v24.18.0/lib/node_modules/npm/npmrc
4 silly config load:file:/home/sprite/.npmrc
5 silly config load:file:/.sprite/languages/node/nvm/versions/node/v24.18.0/etc/npmrc
6 verbose title npm install @supabase/supabase-js
7 verbose argv "install" "@supabase/supabase-js"
8 verbose logfile logs-max:10 dir:/home/sprite/.npm/_logs/2026-09-21T08_52_54_647Z-
9 verbose logfile /home/sprite/.npm/_logs/2026-09-21T08_52_54_647Z-debug-0.log
10 silly logfile done cleaning log files
11 silly packumentCache heap:4496293888 maxSize:1124073472 maxEntrySize:562036736
12 verbose shrinkwrap failed to load node_modules/.package-lock.json out of date, updated: node_modules
13 silly idealTree buildDeps
14 silly fetch manifest @supabase/supabase-js@*
15 silly packumentCache full:https://registry.npmjs.org/@supabase%2fsupabase-js cache-miss
16 http fetch GET 200 https://registry.npmjs.org/@supabase%2fsupabase-js 307ms (cache miss)
17 silly packumentCache full:https://registry.npmjs.org/@supabase%2fsupabase-js set size:undefined disposed:false
18 silly fetch manifest @opentelemetry/api@>=1.0.0
19 silly packumentCache full:https://registry.npmjs.org/@opentelemetry%2fapi cache-miss
20 http fetch GET 200 https://registry.npmjs.org/@opentelemetry%2fapi 56ms (cache revalidated)
21 silly packumentCache full:https://registry.npmjs.org/@opentelemetry%2fapi set size:272967 disposed:false
22 silly placeDep ROOT @supabase/supabase-js@2.116.0 OK for: app@0.0.0 want: *
23 silly fetch manifest @supabase/auth-js@2.116.0
24 silly packumentCache full:https://registry.npmjs.org/@supabase%2fauth-js cache-miss
25 silly fetch manifest @supabase/storage-js@2.116.0
26 silly packumentCache full:https://registry.npmjs.org/@supabase%2fstorage-js cache-miss
27 silly fetch manifest @supabase/realtime-js@2.116.0
28 silly packumentCache full:https://registry.npmjs.org/@supabase%2frealtime-js cache-miss
29 silly fetch manifest @supabase/functions-js@2.116.0
30 silly packumentCache full:https://registry.npmjs.org/@supabase%2ffunctions-js cache-miss
31 silly fetch manifest @supabase/postgrest-js@2.116.0
32 silly packumentCache full:https://registry.npmjs.org/@supabase%2fpostgrest-js cache-miss
33 http fetch GET 200 https://registry.npmjs.org/@supabase%2fauth-js 174ms (cache miss)
34 silly packumentCache full:https://registry.npmjs.org/@supabase%2fauth-js set size:undefined disposed:false
35 http fetch GET 200 https://registry.npmjs.org/@supabase%2ffunctions-js 191ms (cache miss)
36 silly packumentCache full:https://registry.npmjs.org/@supabase%2ffunctions-js set size:undefined disposed:false
37 http fetch GET 200 https://registry.npmjs.org/@supabase%2fstorage-js 224ms (cache miss)
38 silly packumentCache full:https://registry.npmjs.org/@supabase%2fstorage-js set size:undefined disposed:false
39 http fetch GET 200 https://registry.npmjs.org/@supabase%2frealtime-js 252ms (cache miss)
40 silly packumentCache full:https://registry.npmjs.org/@supabase%2frealtime-js set size:undefined disposed:false
41 http fetch GET 200 https://registry.npmjs.org/@supabase%2fpostgrest-js 269ms (cache miss)
42 silly packumentCache full:https://registry.npmjs.org/@supabase%2fpostgrest-js set size:undefined disposed:false
43 silly placeDep ROOT @supabase/auth-js@2.116.0 OK for: @supabase/supabase-js@2.116.0 want: 2.116.0
44 silly placeDep ROOT @supabase/functions-js@2.116.0 OK for: @supabase/supabase-js@2.116.0 want: 2.116.0
45 silly placeDep ROOT @supabase/postgrest-js@2.116.0 OK for: @supabase/supabase-js@2.116.0 want: 2.116.0
46 silly placeDep ROOT @supabase/realtime-js@2.116.0 OK for: @supabase/supabase-js@2.116.0 want: 2.116.0
47 silly placeDep ROOT @supabase/storage-js@2.116.0 OK for: @supabase/supabase-js@2.116.0 want: 2.116.0
48 silly fetch manifest tslib@2.8.1
49 silly packumentCache full:https://registry.npmjs.org/tslib cache-miss
50 silly fetch manifest tslib@2.8.1
51 silly packumentCache full:https://registry.npmjs.org/tslib cache-miss
52 silly fetch manifest tslib@2.8.1
53 silly packumentCache full:https://registry.npmjs.org/tslib cache-miss
54 silly fetch manifest tslib@2.8.1
55 silly packumentCache full:https://registry.npmjs.org/tslib cache-miss
56 silly fetch manifest @supabase/phoenix@0.4.5
57 silly packumentCache full:https://registry.npmjs.org/@supabase%2fphoenix cache-miss
58 silly fetch manifest tslib@2.8.1
59 silly packumentCache full:https://registry.npmjs.org/tslib cache-miss
60 silly fetch manifest iceberg-js@^0.8.1
61 silly packumentCache full:https://registry.npmjs.org/iceberg-js cache-miss
62 http fetch GET 200 https://registry.npmjs.org/@supabase%2fphoenix 49ms (cache miss)
63 silly packumentCache full:https://registry.npmjs.org/@supabase%2fphoenix set size:undefined disposed:false
64 http fetch GET 200 https://registry.npmjs.org/iceberg-js 61ms (cache miss)
65 silly packumentCache full:https://registry.npmjs.org/iceberg-js set size:undefined disposed:false
66 http fetch GET 200 https://registry.npmjs.org/tslib 64ms (cache miss)
67 silly packumentCache full:https://registry.npmjs.org/tslib set size:undefined disposed:false
68 http fetch GET 200 https://registry.npmjs.org/tslib 67ms (cache miss)
69 silly packumentCache full:https://registry.npmjs.org/tslib set size:undefined disposed:false
70 http fetch GET 200 https://registry.npmjs.org/tslib 70ms (cache miss)
71 silly packumentCache full:https://registry.npmjs.org/tslib set size:undefined disposed:false
72 http fetch GET 200 https://registry.npmjs.org/tslib 76ms (cache miss)
73 silly packumentCache full:https://registry.npmjs.org/tslib set size:undefined disposed:false
74 http fetch GET 200 https://registry.npmjs.org/tslib 77ms (cache miss)
75 silly packumentCache full:https://registry.npmjs.org/tslib set size:undefined disposed:false
76 silly placeDep ROOT tslib@2.8.1 OK for: @supabase/auth-js@2.116.0 want: 2.8.1
77 silly placeDep ROOT @supabase/phoenix@0.4.5 OK for: @supabase/realtime-js@2.116.0 want: 0.4.5
78 silly placeDep ROOT iceberg-js@0.8.1 OK for: @supabase/storage-js@2.116.0 want: ^0.8.1
79 silly reify moves {}
80 silly audit bulk request {
80 silly audit   '@babel/code-frame': [ '7.29.7' ],
80 silly audit   '@babel/compat-data': [ '7.29.7' ],
80 silly audit   '@babel/core': [ '7.29.7' ],
80 silly audit   '@babel/generator': [ '7.29.8' ],
80 silly audit   '@babel/helper-compilation-targets': [ '7.29.7' ],
80 silly audit   '@babel/helper-globals': [ '7.29.7' ],
80 silly audit   '@babel/helper-module-imports': [ '7.29.7' ],
80 silly audit   '@babel/helper-module-transforms': [ '7.29.7' ],
80 silly audit   '@babel/helper-plugin-utils': [ '7.29.7' ],
80 silly audit   '@babel/helper-string-parser': [ '7.29.7' ],
80 silly audit   '@babel/helper-validator-identifier': [ '7.29.7' ],
80 silly audit   '@babel/helper-validator-option': [ '7.29.7' ],
80 silly audit   '@babel/helpers': [ '7.29.7' ],
80 silly audit   '@babel/parser': [ '7.29.9' ],
80 silly audit   '@babel/plugin-transform-react-jsx-self': [ '7.29.7' ],
80 silly audit   '@babel/plugin-transform-react-jsx-source': [ '7.29.7' ],
80 silly audit   '@babel/template': [ '7.29.7' ],
80 silly audit   '@babel/traverse': [ '7.29.8' ],
80 silly audit   '@babel/types': [ '7.29.8' ],
80 silly audit   '@jridgewell/gen-mapping': [ '0.3.13' ],
80 silly audit   '@jridgewell/remapping': [ '2.3.5' ],
80 silly audit   '@jridgewell/resolve-uri': [ '3.1.2' ],
80 silly audit   '@jridgewell/sourcemap-codec': [ '1.6.0' ],
80 silly audit   '@jridgewell/trace-mapping': [ '0.3.31' ],
80 silly audit   '@oxc-project/types': [ '0.150.0' ],
80 silly audit   '@rolldown/binding-android-arm-eabi': [ '1.2.9' ],
80 silly audit   '@rolldown/binding-android-arm64': [ '1.2.9' ],
80 silly audit   '@rolldown/binding-darwin-arm64': [ '1.2.9' ],
80 silly audit   '@rolldown/binding-darwin-x64': [ '1.2.9' ],
80 silly audit   '@rolldown/binding-freebsd-x64': [ '1.2.9' ],
80 silly audit   '@rolldown/binding-linux-arm-gnueabihf': [ '1.2.9' ],
80 silly audit   '@rolldown/binding-linux-arm64-gnu': [ '1.2.9' ],
80 silly audit   '@rolldown/binding-linux-arm64-musl': [ '1.2.9' ],
80 silly audit   '@rolldown/binding-linux-ppc64-gnu': [ '1.2.9' ],
80 silly audit   '@rolldown/binding-linux-s390x-gnu': [ '1.2.9' ],
80 silly audit   '@rolldown/binding-linux-x64-gnu': [ '1.2.9' ],
80 silly audit   '@rolldown/binding-linux-x64-musl': [ '1.2.9' ],
80 silly audit   '@rolldown/binding-openharmony-arm64': [ '1.2.9' ],
80 silly audit   '@rolldown/binding-win32-arm64-msvc': [ '1.2.9' ],
80 silly audit   '@rolldown/binding-win32-x64-msvc': [ '1.2.9' ],
80 silly audit   '@rolldown/pluginutils': [ '1.0.0-rc.3', '1.0.1' ],
80 silly audit   '@tailwindcss/node': [ '4.3.3' ],
80 silly audit   '@tailwindcss/oxide': [ '4.3.3' ],
80 silly audit   '@tailwindcss/oxide-android-arm64': [ '4.3.3' ],
80 silly audit   '@tailwindcss/oxide-darwin-arm64': [ '4.3.3' ],
80 silly audit   '@tailwindcss/oxide-darwin-x64': [ '4.3.3' ],
80 silly audit   '@tailwindcss/oxide-freebsd-x64': [ '4.3.3' ],
80 silly audit   '@tailwindcss/oxide-linux-arm-gnueabihf': [ '4.3.3' ],
80 silly audit   '@tailwindcss/oxide-linux-arm64-gnu': [ '4.3.3' ],
80 silly audit   '@tailwindcss/oxide-linux-arm64-musl': [ '4.3.3' ],
80 silly audit   '@tailwindcss/oxide-linux-x64-gnu': [ '4.3.3' ],
80 silly audit   '@tailwindcss/oxide-linux-x64-musl': [ '4.3.3' ],
80 silly audit   '@tailwindcss/oxide-wasm32-wasi': [ '4.3.3' ],
80 silly audit   '@tailwindcss/oxide-win32-arm64-msvc': [ '4.3.3' ],
80 silly audit   '@tailwindcss/oxide-win32-x64-msvc': [ '4.3.3' ],
80 silly audit   '@tailwindcss/vite': [ '4.3.3' ],
80 silly audit   '@tanstack/history': [ '1.162.4' ],
80 silly audit   '@tanstack/react-router': [ '1.170.38' ],
80 silly audit   '@tanstack/react-store': [ '0.11.1' ],
80 silly audit   '@tanstack/router-core': [ '1.171.32' ],
80 silly audit   '@tanstack/router-generator': [ '1.167.38' ],
80 silly audit   '@tanstack/router-plugin': [ '1.168.40' ],
80 silly audit   '@tanstack/router-utils': [ '1.162.3' ],
80 silly audit   '@tanstack/store': [ '0.11.1' ],
80 silly audit   '@tanstack/virtual-file-routes': [ '1.162.0' ],
80 silly audit   '@types/babel__core': [ '7.20.5' ],
80 silly audit   '@types/babel__generator': [ '7.27.0' ],
80 silly audit   '@types/babel__template': [ '7.4.4' ],
80 silly audit   '@types/babel__traverse': [ '7.28.0' ],
80 silly audit   '@types/react': [ '19.3.0' ],
80 silly audit   '@types/react-dom': [ '19.3.0' ],
80 silly audit   '@vitejs/plugin-react': [ '5.2.0' ],
80 silly audit   ansis: [ '4.4.0' ],
80 silly audit   'babel-dead-code-elimination': [ '1.0.12' ],
80 silly audit   'baseline-browser-mapping': [ '2.11.25' ],
80 silly audit   browserslist: [ '4.29.0' ],
80 silly audit   'caniuse-lite': [ '1.0.30001810' ],
80 silly audit   chokidar: [ '5.0.0' ],
80 silly audit   'convert-source-map': [ '2.0.0' ],
80 silly audit   'cookie-es': [ '3.1.1' ],
80 silly audit   csstype: [ '3.2.3' ],
80 silly audit   debug: [ '4.4.3' ],
80 silly audit   'detect-libc': [ '2.1.2' ],
80 silly audit   diff: [ '8.0.4' ],
80 silly audit   'electron-to-chromium': [ '1.5.433' ],
80 silly audit   'enhanced-resolve': [ '5.25.1' ],
80 silly audit   escalade: [ '3.2.0' ],
80 silly audit   fdir: [ '6.5.0' ],
80 silly audit   fsevents: [ '2.3.3' ],
80 silly audit   gensync: [ '1.0.0-beta.2' ],
80 silly audit   'graceful-fs': [ '4.2.11' ],
80 silly audit   isbot: [ '5.2.2' ],
80 silly audit   jiti: [ '2.7.0' ],
80 silly audit   'js-tokens': [ '4.0.0' ],
80 silly audit   jsesc: [ '3.1.0' ],
80 silly audit   json5: [ '2.2.3' ],
80 silly audit   lightningcss: [ '1.32.0', '1.33.0' ],
80 silly audit   'lightningcss-android-arm64': [ '1.32.0', '1.33.0' ],
80 silly audit   'lightningcss-darwin-arm64': [ '1.32.0', '1.33.0' ],
80 silly audit   'lightningcss-darwin-x64': [ '1.32.0', '1.33.0' ],
80 silly audit   'lightningcss-freebsd-x64': [ '1.32.0', '1.33.0' ],
80 silly audit   'lightningcss-linux-arm-gnueabihf': [ '1.32.0', '1.33.0' ],
80 silly audit   'lightningcss-linux-arm64-gnu': [ '1.32.0', '1.33.0' ],
80 silly audit   'lightningcss-linux-arm64-musl': [ '1.32.0', '1.33.0' ],
80 silly audit   'lightningcss-linux-x64-gnu': [ '1.32.0', '1.33.0' ],
80 silly audit   'lightningcss-linux-x64-musl': [ '1.32.0', '1.33.0' ],
80 silly audit   'lightningcss-win32-arm64-msvc': [ '1.32.0', '1.33.0' ],
80 silly audit   'lightningcss-win32-x64-msvc': [ '1.32.0', '1.33.0' ],
80 silly audit   'lru-cache': [ '5.1.1' ],
80 silly audit   'magic-string': [ '0.30.21' ],
80 silly audit   ms: [ '2.1.3' ],
80 silly audit   nanoid: [ '3.3.19' ],
80 silly audit   'node-releases': [ '2.0.56' ],
80 silly audit   pathe: [ '2.0.3' ],
80 silly audit   picocolors: [ '1.1.1' ],
80 silly audit   picomatch: [ '4.0.7' ],
80 silly audit   postcss: [ '8.5.28' ],
80 silly audit   prettier: [ '3.9.8' ],
80 silly audit   react: [ '19.3.0' ],
80 silly audit   'react-dom': [ '19.3.0' ],
80 silly audit   'react-refresh': [ '0.18.0' ],
80 silly audit   readdirp: [ '5.1.1' ],
80 silly audit   rolldown: [ '1.2.9' ],
80 silly audit   scheduler: [ '0.28.0' ],
80 silly audit   semver: [ '6.3.1' ],
80 silly audit   seroval: [ '1.6.7' ],
80 silly audit   'seroval-plugins': [ '1.6.7' ],
80 silly audit   'source-map-js': [ '1.2.1' ],
80 silly audit   tailwindcss: [ '4.3.3' ],
80 silly audit   tapable: [ '2.3.3' ],
80 silly audit   tinyglobby: [ '0.2.17' ],
80 silly audit   typescript: [ '5.9.3' ],
80 silly audit   unplugin: [ '3.4.0' ],
80 silly audit   'update-browserslist-db': [ '1.3.3' ],
80 silly audit   'use-sync-external-store': [ '1.7.0' ],
80 silly audit   vite: [ '8.3.0' ],
80 silly audit   'webpack-virtual-modules': [ '0.6.2' ],
80 silly audit   yallist: [ '3.1.1' ],
80 silly audit   zod: [ '4.6.5' ],
80 silly audit   '@supabase/supabase-js': [ '2.116.0' ],
80 silly audit   '@supabase/auth-js': [ '2.116.0' ],
80 silly audit   '@supabase/functions-js': [ '2.116.0' ],
80 silly audit   '@supabase/postgrest-js': [ '2.116.0' ],
80 silly audit   '@supabase/realtime-js': [ '2.116.0' ],
80 silly audit   '@supabase/storage-js': [ '2.116.0' ],
80 silly audit   tslib: [ '2.8.1' ],
80 silly audit   '@supabase/phoenix': [ '0.4.5' ],
80 silly audit   'iceberg-js': [ '0.8.1' ]
80 silly audit }
81 http cache tslib@https://registry.npmjs.org/tslib/-/tslib-2.8.1.tgz 0ms (cache hit)
82 http cache @supabase/realtime-js@https://registry.npmjs.org/@supabase/realtime-js/-/realtime-js-2.116.0.tgz 1ms (cache hit)
83 http cache @supabase/storage-js@https://registry.npmjs.org/@supabase/storage-js/-/storage-js-2.116.0.tgz 0ms (cache hit)
84 http cache @supabase/postgrest-js@https://registry.npmjs.org/@supabase/postgrest-js/-/postgrest-js-2.116.0.tgz 0ms (cache hit)
85 http cache @supabase/functions-js@https://registry.npmjs.org/@supabase/functions-js/-/functions-js-2.116.0.tgz 0ms (cache hit)
86 http cache @supabase/auth-js@https://registry.npmjs.org/@supabase/auth-js/-/auth-js-2.116.0.tgz 0ms (cache hit)
87 http cache @supabase/phoenix@https://registry.npmjs.org/@supabase/phoenix/-/phoenix-0.4.5.tgz 0ms (cache hit)
88 http cache @supabase/supabase-js@https://registry.npmjs.org/@supabase/supabase-js/-/supabase-js-2.116.0.tgz 0ms (cache hit)
89 http cache iceberg-js@https://registry.npmjs.org/iceberg-js/-/iceberg-js-0.8.1.tgz 0ms (cache hit)
90 silly tarball no local data for tslib@https://registry.npmjs.org/tslib/-/tslib-2.8.1.tgz. Extracting by manifest.
91 silly tarball no local data for @supabase/realtime-js@https://registry.npmjs.org/@supabase/realtime-js/-/realtime-js-2.116.0.tgz. Extracting by manifest.
92 silly tarball no local data for @supabase/storage-js@https://registry.npmjs.org/@supabase/storage-js/-/storage-js-2.116.0.tgz. Extracting by manifest.
93 silly tarball no local data for @supabase/postgrest-js@https://registry.npmjs.org/@supabase/postgrest-js/-/postgrest-js-2.116.0.tgz. Extracting by manifest.
94 silly tarball no local data for @supabase/functions-js@https://registry.npmjs.org/@supabase/functions-js/-/functions-js-2.116.0.tgz. Extracting by manifest.
95 silly tarball no local data for @supabase/auth-js@https://registry.npmjs.org/@supabase/auth-js/-/auth-js-2.116.0.tgz. Extracting by manifest.
96 silly tarball no local data for @supabase/phoenix@https://registry.npmjs.org/@supabase/phoenix/-/phoenix-0.4.5.tgz. Extracting by manifest.
97 silly tarball no local data for @supabase/supabase-js@https://registry.npmjs.org/@supabase/supabase-js/-/supabase-js-2.116.0.tgz. Extracting by manifest.
98 silly tarball no local data for iceberg-js@https://registry.npmjs.org/iceberg-js/-/iceberg-js-0.8.1.tgz. Extracting by manifest.
99 http fetch GET 200 https://registry.npmjs.org/tslib/-/tslib-2.8.1.tgz 49ms (cache miss)
100 http fetch GET 200 https://registry.npmjs.org/iceberg-js/-/iceberg-js-0.8.1.tgz 120ms (cache miss)
101 http fetch POST 200 https://registry.npmjs.org/-/npm/v1/security/advisories/bulk 220ms
102 silly audit report {}
103 http fetch GET 200 https://registry.npmjs.org/@supabase/storage-js/-/storage-js-2.116.0.tgz 215ms (cache miss)
104 http fetch GET 200 https://registry.npmjs.org/@supabase/postgrest-js/-/postgrest-js-2.116.0.tgz 220ms (cache miss)
105 http fetch GET 200 https://registry.npmjs.org/@supabase/supabase-js/-/supabase-js-2.116.0.tgz 243ms (cache miss)
106 http fetch GET 200 https://registry.npmjs.org/@supabase/functions-js/-/functions-js-2.116.0.tgz 252ms (cache miss)
107 http fetch GET 200 https://registry.npmjs.org/@supabase/phoenix/-/phoenix-0.4.5.tgz 266ms (cache miss)
108 http fetch GET 200 https://registry.npmjs.org/@supabase/realtime-js/-/realtime-js-2.116.0.tgz 336ms (cache miss)
109 http fetch GET 200 https://registry.npmjs.org/@supabase/auth-js/-/auth-js-2.116.0.tgz 423ms (cache miss)
110 silly ADD node_modules/iceberg-js
111 silly ADD node_modules/@supabase/phoenix
112 silly ADD node_modules/tslib
113 silly ADD node_modules/@supabase/storage-js
114 silly ADD node_modules/@supabase/realtime-js
115 silly ADD node_modules/@supabase/postgrest-js
116 silly ADD node_modules/@supabase/functions-js
117 silly ADD node_modules/@supabase/auth-js
118 silly ADD node_modules/@supabase/supabase-js
119 verbose cwd /home/sprite
120 verbose os Linux 6.12.91-fly
121 verbose node v24.18.0
122 verbose npm  v12.0.1
123 verbose exit 0
124 info ok
